
> motion-canvas-service@0.1.0 predev
> node -e "const {existsSync}=require('fs'); const {spawnSync}=require('child_process'); if(existsSync('../scripts/package.json')){const r=spawnSync('npm',['--prefix','../scripts','run','-s','healthcheck:warn'],{stdio:'inherit'}); process.exit(r.status??0)}"


> motion-canvas-service@0.1.0 dev
> vite

[33mThe CJS build of Vite's Node API is deprecated. See https://vite.dev/guide/troubleshooting.html#vite-cjs-node-api-deprecated for more details.[39m

  VITE v5.4.21  ready in 2809 ms

  ➜  Local:   http://localhost:5173/
  ➜  Network: http://10.8.1.4:5173/
  ➜  Network: http://192.168.0.11:5173/
  ➜  Network: http://172.31.80.1:5173/
  ➜  press h + enter to show help
21:51:02 [vite] hmr update /src/scenes/nullMeansAllTheReasonsEn.tsx?scene
21:51:16 [vite] hmr update /src/scenes/nullMeansAllTheReasonsEn.tsx?scene
21:52:20 [vite] hmr update /src/scenes/nullMeansAllTheReasonsEn.tsx?scene
22:19:55 [vite] hmr update /src/scenes/nullMeansAllTheReasonsEn.tsx?scene
22:21:28 [vite] hmr update /src/scenes/nullMeansAllTheReasonsEn.tsx?scene
22:23:11 [vite] hmr update /src/scenes/nullMeansAllTheReasonsEn.tsx?scene
22:23:47 [vite] hmr update /src/scenes/nullMeansAllTheReasonsEn.tsx?scene
22:25:21 [vite] hmr update /src/scenes/nullMeansAllTheReasonsEn.tsx?scene
22:46:40 [vite] hmr update /src/scenes/nullMeansAllTheReasonsEn.tsx?scene
22:46:45 [vite] Pre-transform error: Transform failed with 1 error:
C:/Users/black/IdeaProjects/explainor-canvas/motion-canvas/src/scenes/nullMeansAllTheReasonsEn.tsx:1262:0: ERROR: Unexpected "─"
22:47:06 [vite] Internal server error: Transform failed with 1 error:
C:/Users/black/IdeaProjects/explainor-canvas/motion-canvas/src/scenes/nullMeansAllTheReasonsEn.tsx:1262:0: ERROR: Unexpected "─"
  Plugin: vite:esbuild
  File: C:/Users/black/IdeaProjects/explainor-canvas/motion-canvas/src/scenes/nullMeansAllTheReasonsEn.tsx:1262:0
  
  Unexpected "─"
  1260|    });
  1261|  
  1262|  ───────────────────────────────────────────────
     |  ^
  1263|    // Живёт в мире с первого кадра, прозрачной: пара не «приезжает», мы просто
  1264|    // до неё доедем.
  
      at failureErrorWithLog (C:\Users\black\IdeaProjects\explainor-canvas\motion-canvas\node_modules\esbuild\lib\main.js:1472:15)
      at C:\Users\black\IdeaProjects\explainor-canvas\motion-canvas\node_modules\esbuild\lib\main.js:755:50
      at responseCallbacks.<computed> (C:\Users\black\IdeaProjects\explainor-canvas\motion-canvas\node_modules\esbuild\lib\main.js:622:9)
      at handleIncomingPacket (C:\Users\black\IdeaProjects\explainor-canvas\motion-canvas\node_modules\esbuild\lib\main.js:677:12)
      at Socket.readFromStdout (C:\Users\black\IdeaProjects\explainor-canvas\motion-canvas\node_modules\esbuild\lib\main.js:600:7)
      at Socket.emit (node:events:519:28)
      at addChunk (node:internal/streams/readable:561:12)
      at readableAddChunkPushByteMode (node:internal/streams/readable:512:3)
      at Readable.push (node:internal/streams/readable:392:5)
      at Pipe.onStreamRead (node:internal/stream_base_commons:189:23)
22:47:07 [vite] hmr update /src/scenes/nullMeansAllTheReasonsEn.tsx?scene
22:52:45 [vite] hmr update /src/scenes/nullMeansAllTheReasonsEn.tsx?scene
23:05:37 [vite] hmr update /src/scenes/nullMeansAllTheReasonsEn.tsx?scene
23:11:20 [vite] hmr update /src/scenes/nullMeansAllTheReasonsEn.tsx?scene
23:30:51 [vite] hmr update /src/scenes/nullMeansAllTheReasonsEn.tsx?scene
23:32:41 [vite] hmr update /src/scenes/nullMeansAllTheReasonsEn.tsx?scene
23:51:22 [vite] hmr update /src/scenes/nullMeansAllTheReasonsEn.tsx?scene
23:54:15 [vite] hmr update /src/scenes/nullMeansAllTheReasonsEn.tsx?scene
00:22:13 [vite] hmr update /src/scenes/nullMeansAllTheReasonsEn.tsx?scene
00:22:29 [vite] hmr update /src/scenes/nullMeansAllTheReasonsEn.tsx?scene
00:23:58 [vite] hmr update /src/scenes/nullMeansAllTheReasonsEn.tsx?scene
